GAMS 24.6.1  r55820 Released Jan 18, 2016 LEX-LEG x86 64bit/Linux                                                                                                                                                                      03/03/16 14:26:22 Page 1
10: O Problema do Jantar de Nero
C o m p i l a t i o n


   2   
       
      ## Variáveis de decisão
       
      x1 = número de envenenados do sexo masculino pelo veneno alfa
      x2 = número de envenenados do sexo feminino pelo veneno alfa
      x3 = número de envenenados do sexo masculino pelo veneno beta
      x4 = número de envenenados do sexo feminino pelo veneno beta
       
      ## Função Objetivo
       
      Maximizar
      z = x1 + x2 + x3 + x4
       
      Número total de envenenados.
       
      ## Restrições
       
      a) Restrições de disponibilidade de veneno:
       
      Tipo alfa: 12*x1 + 6*x2 <= 500
      Tipo beta: 6*x3 + 3*x4 <= 2000
       
      b) Restrição devida ao paladar:
       
      (12*x1 + 6*x2) / (6*x3 + 3*x4) = 3
       
      Pode ser transformada em uma restrição linear
       
      12*x1 + 6*x2 = 18*x3 + 9*x4;
       
      c) Restrições de demanda:
       
      Homens envenenados:     x1 + x2 <= 20
      Mulheres envenanadas:   x3 + x4 <= 10
       
      ## Resultado
       
      Depois de aplicado o algoritmo, os resultados foram:
       
      x1 = 10 envenenados do sexo masculino pelo veneno alfa
      x2 = 10 envenenados do sexo feminino pelo veneno alfa
      x3 = 0  envenenados do sexo masculino pelo veneno beta
      x4 = 10 envenenados do sexo feminino pelo veneno beta
       
      Com esses valores, a função objetivo é: 
       
      z  = 30 (total de envenenados)
       
  53   
  54  Integer Variable
  55   
  56  x1 Número de envenenados do sexo masculino pelo veneno alfa
GAMS 24.6.1  r55820 Released Jan 18, 2016 LEX-LEG x86 64bit/Linux                                                                                                                                                                      03/03/16 14:26:22 Page 2
10: O Problema do Jantar de Nero
C o m p i l a t i o n


  57  x2 Número de envenenados do sexo feminino pelo veneno alfa
  58  x3 Número de envenenados do sexo masculino pelo veneno beta
  59  x4 Número de envenenados do sexo feminino pelo veneno beta;
  60   
  61  Free Variables
  62   
  63  z Número total de envenenados;
  64   
  65  Equations
  66   
  67  obj    Função objetivo: Número total de envenenados
  68  restr1 Restrição 1: Disponibilidade: 12g de alfa (homem) e 6g de alfa (mulher) são suficientes para matar um homem - mulher. No máximo 500g de veneno alfa no estoque
  69  restr2 Restrição 2: Disponibilidade: 6g de beta para matar um homem 3g para matar uma mulher para no máximo 2000g de veneno no estoque (50% mais poderoso para a mulher)
  70  restr3 Restrição 3: Paladar: três porções de alfa para cada porção de beta (alfa deve ter três vezes mais que beta)
  71  restr4 Restrição 4: No mínimo 20 homens envenenados
  72  restr5 Restrição 5: No mínimo 10 mulheres envenenadas;
  73   
  74  obj.. z =e= x1 + x2 + x3 + x4;
  75  restr1.. 12*x1 + 6*x2 =l= 500;
  76  restr2.. 6*x3 + 3*x4 =l= 2000;
  77  restr3.. 12*x1 + 6*x2 =e= 18*x3 + 9*x4;
  78  restr4.. x1 + x2 =g= 20;
  79  restr5.. x3 + x4 =g= 10;
  80   
  81  model problema10 /all/;
  82   
  83  solve problema10 using mip max z;


COMPILATION TIME     =        0.001 SECONDS      2 MB  24.6.1 r55820 LEX-LEG
GAMS 24.6.1  r55820 Released Jan 18, 2016 LEX-LEG x86 64bit/Linux                                                                                                                                                                      03/03/16 14:26:22 Page 3
10: O Problema do Jantar de Nero
Equation Listing    SOLVE problema10 Using MIP From line 83


---- obj  =E=  Função objetivo: Número total de envenenados

obj..  - x1 - x2 - x3 - x4 + z =E= 0 ; (LHS = 0)
     

---- restr1  =L=  Restrição 1: Disponibilidade: 12g de alfa (homem) e 6g de alfa (mulher) são suficientes para matar um homem - mulher. No máximo 500g de veneno alfa no estoque

restr1..  12*x1 + 6*x2 =L= 500 ; (LHS = 0)
     

---- restr2  =L=  Restrição 2: Disponibilidade: 6g de beta para matar um homem 3g para matar uma mulher para no máximo 2000g de veneno no estoque (50% mais poderoso para a mulher)

restr2..  6*x3 + 3*x4 =L= 2000 ; (LHS = 0)
     

---- restr3  =E=  Restrição 3: Paladar: três porções de alfa para cada porção de beta (alfa deve ter três vezes mais que beta)

restr3..  12*x1 + 6*x2 - 18*x3 - 9*x4 =E= 0 ; (LHS = 0)
     

---- restr4  =G=  Restrição 4: No mínimo 20 homens envenenados

restr4..  x1 + x2 =G= 20 ; (LHS = 0, INFES = 20 ****)
     

---- restr5  =G=  Restrição 5: No mínimo 10 mulheres envenenadas

restr5..  x3 + x4 =G= 10 ; (LHS = 0, INFES = 10 ****)
     
GAMS 24.6.1  r55820 Released Jan 18, 2016 LEX-LEG x86 64bit/Linux                                                                                                                                                                      03/03/16 14:26:22 Page 4
10: O Problema do Jantar de Nero
Column Listing      SOLVE problema10 Using MIP From line 83


---- x1  Número de envenenados do sexo masculino pelo veneno alfa

x1
                (.LO, .L, .UP, .M = 0, 0, 100, 0)
       -1       obj
       12       restr1
       12       restr3
        1       restr4


---- x2  Número de envenenados do sexo feminino pelo veneno alfa

x2
                (.LO, .L, .UP, .M = 0, 0, 100, 0)
       -1       obj
        6       restr1
        6       restr3
        1       restr4


---- x3  Número de envenenados do sexo masculino pelo veneno beta

x3
                (.LO, .L, .UP, .M = 0, 0, 100, 0)
       -1       obj
        6       restr2
      -18       restr3
        1       restr5


---- x4  Número de envenenados do sexo feminino pelo veneno beta

x4
                (.LO, .L, .UP, .M = 0, 0, 100, 0)
       -1       obj
        3       restr2
       -9       restr3
        1       restr5


---- z  Número total de envenenados

z
                (.LO, .L, .UP, .M = -INF, 0, +INF, 0)
        1       obj


****
****  4 Integer +INF Bounds have been reset to 100 (see Option IntVarUp)
****
GAMS 24.6.1  r55820 Released Jan 18, 2016 LEX-LEG x86 64bit/Linux                                                                                                                                                                      03/03/16 14:26:22 Page 5
10: O Problema do Jantar de Nero
Model Statistics    SOLVE problema10 Using MIP From line 83


MODEL STATISTICS

BLOCKS OF EQUATIONS           6     SINGLE EQUATIONS            6
BLOCKS OF VARIABLES           5     SINGLE VARIABLES            5
NON ZERO ELEMENTS            17     DISCRETE VARIABLES          4


GENERATION TIME      =        0.002 SECONDS      3 MB  24.6.1 r55820 LEX-LEG


EXECUTION TIME       =        0.002 SECONDS      3 MB  24.6.1 r55820 LEX-LEG
GAMS 24.6.1  r55820 Released Jan 18, 2016 LEX-LEG x86 64bit/Linux                                                                                                                                                                      03/03/16 14:26:22 Page 6
10: O Problema do Jantar de Nero
Solution Report     SOLVE problema10 Using MIP From line 83


               S O L V E      S U M M A R Y

     MODEL   problema10          OBJECTIVE  z
     TYPE    MIP                 DIRECTION  MAXIMIZE
     SOLVER  CPLEX               FROM LINE  83

**** SOLVER STATUS     1 Normal Completion         
**** MODEL STATUS      8 Integer Solution          
**** OBJECTIVE VALUE              135.0000

 RESOURCE USAGE, LIMIT          0.041      1000.000
 ITERATION COUNT, LIMIT         5    2000000000

IBM ILOG CPLEX   24.6.1 r55820 Released Jan 18, 2016 LEG x86 64bit/Linux      
Cplex 12.6.3.0

Space for names approximately 0.00 Mb
Use option 'names no' to turn use of names off
MIP status(102): integer optimal, tolerance
Cplex Time: 0.04sec (det. 0.05 ticks)
Fixing integer variables, and solving final LP...
Fixed MIP status(1): optimal
Cplex Time: 0.00sec (det. 0.00 ticks)
Solution satisfies tolerances.

MIP Solution:          135.000000    (5 iterations, 0 nodes)
Final Solve:           135.000000    (0 iterations)

Best possible:         137.500000
Absolute gap:            2.500000
Relative gap:            0.018182


                           LOWER          LEVEL          UPPER         MARGINAL

---- EQU obj                 .              .              .             1.0000      
---- EQU restr1            -INF          486.0000       500.0000          .          
---- EQU restr2            -INF          162.0000      2000.0000          .          
---- EQU restr3              .              .              .              .          
---- EQU restr4            20.0000        81.0000        +INF             .          
---- EQU restr5            10.0000        54.0000        +INF             .          

  obj  Função objetivo: Número total de envenenados
  restr1  Restrição 1: Disponibilidade: 12g de alfa (homem) e 6g de alfa (mulher) são suficientes para matar um homem - mulher. No máximo 500g de veneno alfa no estoque
  restr2  Restrição 2: Disponibilidade: 6g de beta para matar um homem 3g para matar uma mulher para no máximo 2000g de veneno no estoque (50% mais poderoso para a mulher)
  restr3  Restrição 3: Paladar: três porções de alfa para cada porção de beta (alfa deve ter três vezes mais que beta)
  restr4  Restrição 4: No mínimo 20 homens envenenados
  restr5  Restrição 5: No mínimo 10 mulheres envenenadas
GAMS 24.6.1  r55820 Released Jan 18, 2016 LEX-LEG x86 64bit/Linux                                                                                                                                                                      03/03/16 14:26:22 Page 7
10: O Problema do Jantar de Nero
Solution Report     SOLVE problema10 Using MIP From line 83


                           LOWER          LEVEL          UPPER         MARGINAL

---- VAR x1                  .              .           100.0000         1.0000      
---- VAR x2                  .            81.0000       100.0000         1.0000      
---- VAR x3                  .              .           100.0000         1.0000      
---- VAR x4                  .            54.0000       100.0000         1.0000      
---- VAR z                 -INF          135.0000        +INF             .          

  x1  Número de envenenados do sexo masculino pelo veneno alfa
  x2  Número de envenenados do sexo feminino pelo veneno alfa
  x3  Número de envenenados do sexo masculino pelo veneno beta
  x4  Número de envenenados do sexo feminino pelo veneno beta
  z  Número total de envenenados


**** REPORT SUMMARY :        0     NONOPT
                             0 INFEASIBLE
                             0  UNBOUNDED


EXECUTION TIME       =        0.001 SECONDS      2 MB  24.6.1 r55820 LEX-LEG


USER: GAMS Development Corporation, Washington, DC   G871201/0000CA-ANY
      Free Demo,  202-342-0180,  sales@gams.com,  www.gams.com   DC0000


**** FILE SUMMARY

Input      /home/raphael/Cloud/workspace/LP-problems/src/problema10.gms
Output     /home/raphael/Cloud/workspace/LP-problems/src/problema10.lst
