GAMS 24.6.1  r55820 Released Jan 18, 2016 LEX-LEG x86 64bit/Linux                                                                                                                                                                      02/25/16 16:56:38 Page 1
problema5
C o m p i l a t i o n


   2   
       
      ## Variáveis de decisão
       
      x1 = Quantidade de unidades de camisas de manga longa a serem fabricadas.
      x2 = quantidade de unidades de camisas de manga curta a serem fabricadas.
       
      ## Função Objetivo
       
      Maximizar
      z = 5x1 + 3.5x2
       
      Número total de unidades monetárias obtidas como lucro pela venda das camisas
       
      ## Restrições
       
      a) Restrição associada à demanda do mercado:           
       
      x1 <= 150
      x2 <= 300
       
      b) Restrição associada ao acoplamento das variávies: 
       
      (3/2)*x1 + x2 = 400
       
      c) Restrições de não negatividade:
       
      x1, x2 >= 0
       
      ## Resultado
       
      Depois de aplicado o algoritmo, os resultados foram:
       
      x1 = 66.6667 unidades de camisas longas
      x2 = 300 unidades de camisas curtas
       
      Com esses valores, a função objetivo é: 
       
      z  = 1383.3333 (total de unidades obtidas como lucro)
       
  44   
  45  Integer Variables
  46   
  47  x1 Camisa longa
  48  x2 Camisa curta;
  49   
  50  Variables
  51   
  52  z Maximizar lucro sabendo que camisa longa custa 5.0 UM e camisa manga curta custa 3.5 UM;
  53   
  54  Equations
  55   
  56  obj    Função objetivo: Maximizar lucro
GAMS 24.6.1  r55820 Released Jan 18, 2016 LEX-LEG x86 64bit/Linux                                                                                                                                                                      02/25/16 16:56:38 Page 2
problema5
C o m p i l a t i o n


  57  restr1 Restrição 1: Demanda de mercado: limite diário de 150 camisas longas
  58  restr2 Restrição 2: Demanda de mercado: limite diário de 300 camisas curtas
  59  restr3 Restrição 3: 50% a mais de camisas longas + camisas curtas tem que alcancar o limite total de 400;
  60   
  61  obj.. z =e= 5*x1 + 3.5*x2;
  62  restr1.. x1 =l= 150;
  63  restr2.. x2 =l= 300;
  64  restr3.. 1.5*x1 + x2 =l= 400;
  65   
  66  model problema5 /all/;
  67   
  68  solve problema5 using mip max z;


COMPILATION TIME     =        0.001 SECONDS      2 MB  24.6.1 r55820 LEX-LEG
GAMS 24.6.1  r55820 Released Jan 18, 2016 LEX-LEG x86 64bit/Linux                                                                                                                                                                      02/25/16 16:56:38 Page 3
problema5
Equation Listing    SOLVE problema5 Using MIP From line 68


---- obj  =E=  Função objetivo: Maximizar lucro

obj..  - 5*x1 - 3.5*x2 + z =E= 0 ; (LHS = 0)
     

---- restr1  =L=  Restrição 1: Demanda de mercado: limite diário de 150 camisas longas

restr1..  x1 =L= 150 ; (LHS = 0)
     

---- restr2  =L=  Restrição 2: Demanda de mercado: limite diário de 300 camisas curtas

restr2..  x2 =L= 300 ; (LHS = 0)
     

---- restr3  =L=  Restrição 3: 50% a mais de camisas longas + camisas curtas tem que alcancar o limite total de 400

restr3..  1.5*x1 + x2 =L= 400 ; (LHS = 0)
     
GAMS 24.6.1  r55820 Released Jan 18, 2016 LEX-LEG x86 64bit/Linux                                                                                                                                                                      02/25/16 16:56:38 Page 4
problema5
Column Listing      SOLVE problema5 Using MIP From line 68


---- x1  Camisa longa

x1
                (.LO, .L, .UP, .M = 0, 0, 100, 0)
       -5       obj
        1       restr1
        1.5     restr3


---- x2  Camisa curta

x2
                (.LO, .L, .UP, .M = 0, 0, 100, 0)
       -3.5     obj
        1       restr2
        1       restr3


---- z  Maximizar lucro sabendo que camisa longa custa 5.0 UM e camisa manga curta custa 3.5 UM

z
                (.LO, .L, .UP, .M = -INF, 0, +INF, 0)
        1       obj


****
****  2 Integer +INF Bounds have been reset to 100 (see Option IntVarUp)
****
GAMS 24.6.1  r55820 Released Jan 18, 2016 LEX-LEG x86 64bit/Linux                                                                                                                                                                      02/25/16 16:56:38 Page 5
problema5
Model Statistics    SOLVE problema5 Using MIP From line 68


MODEL STATISTICS

BLOCKS OF EQUATIONS           4     SINGLE EQUATIONS            4
BLOCKS OF VARIABLES           3     SINGLE VARIABLES            3
NON ZERO ELEMENTS             7     DISCRETE VARIABLES          2


GENERATION TIME      =        0.002 SECONDS      3 MB  24.6.1 r55820 LEX-LEG


EXECUTION TIME       =        0.002 SECONDS      3 MB  24.6.1 r55820 LEX-LEG
GAMS 24.6.1  r55820 Released Jan 18, 2016 LEX-LEG x86 64bit/Linux                                                                                                                                                                      02/25/16 16:56:38 Page 6
problema5
Solution Report     SOLVE problema5 Using MIP From line 68


               S O L V E      S U M M A R Y

     MODEL   problema5           OBJECTIVE  z
     TYPE    MIP                 DIRECTION  MAXIMIZE
     SOLVER  CPLEX               FROM LINE  68

**** SOLVER STATUS     1 Normal Completion         
**** MODEL STATUS      1 Optimal                   
**** OBJECTIVE VALUE              850.0000

 RESOURCE USAGE, LIMIT          0.084      1000.000
 ITERATION COUNT, LIMIT         0    2000000000

IBM ILOG CPLEX   24.6.1 r55820 Released Jan 18, 2016 LEG x86 64bit/Linux      
Cplex 12.6.3.0

Space for names approximately 0.00 Mb
Use option 'names no' to turn use of names off
MIP status(101): integer optimal solution
Cplex Time: 0.07sec (det. 0.01 ticks)
Fixing integer variables, and solving final LP...
Fixed MIP status(1): optimal
Cplex Time: 0.00sec (det. 0.00 ticks)
Proven optimal solution.

MIP Solution:          850.000000    (0 iterations, 0 nodes)
Final Solve:           850.000000    (0 iterations)

Best possible:         850.000000
Absolute gap:            0.000000
Relative gap:            0.000000


                           LOWER          LEVEL          UPPER         MARGINAL

---- EQU obj                 .              .              .             1.0000      
---- EQU restr1            -INF          100.0000       150.0000          .          
---- EQU restr2            -INF          100.0000       300.0000          .          
---- EQU restr3            -INF          250.0000       400.0000          .          

  obj  Função objetivo: Maximizar lucro
  restr1  Restrição 1: Demanda de mercado: limite diário de 150 camisas longas
  restr2  Restrição 2: Demanda de mercado: limite diário de 300 camisas curtas
  restr3  Restrição 3: 50% a mais de camisas longas + camisas curtas tem que alcancar o limite total de 400

                           LOWER          LEVEL          UPPER         MARGINAL

---- VAR x1                  .           100.0000       100.0000         5.0000      
---- VAR x2                  .           100.0000       100.0000         3.5000      
---- VAR z                 -INF          850.0000        +INF             .          

  x1  Camisa longa
  x2  Camisa curta
GAMS 24.6.1  r55820 Released Jan 18, 2016 LEX-LEG x86 64bit/Linux                                                                                                                                                                      02/25/16 16:56:38 Page 7
problema5
Solution Report     SOLVE problema5 Using MIP From line 68


  z  Maximizar lucro sabendo que camisa longa custa 5.0 UM e camisa manga curta custa 3.5 UM


**** REPORT SUMMARY :        0     NONOPT
                             0 INFEASIBLE
                             0  UNBOUNDED


EXECUTION TIME       =        0.001 SECONDS      2 MB  24.6.1 r55820 LEX-LEG


USER: GAMS Development Corporation, Washington, DC   G871201/0000CA-ANY
      Free Demo,  202-342-0180,  sales@gams.com,  www.gams.com   DC0000


**** FILE SUMMARY

Input      /home/raphael/LP-problems/src/problema5.gms
Output     /home/raphael/LP-problems/src/problema5.lst
